---
source: crates/git-reflow-cli/tests/config.rs
expression: "String::from_utf8_lossy(&assert.get_output().stdout)"
---
{
  "packages": [
    {
      "dir": ".",
      "name": "example-python-uv",
      "strategy": {
        "python": {}
      },
      "workspace": true,
      "include-name-in-tag": false,
      "changelog-path": "CHANGELOG.md"
    }
  ]
}
